{
	"contributors": [
		{
			"name": "Aron Bold",
			"email": "someone@example.com"
		},
		{
			"name": "Martin Cermak",
			"email": "martin.cermak@gooddata.com"
		},
		{
			"name": "Martin Cermak",
			"email": "crudo@crudo.cz"
		}
	]
}